8bitdo-ultimate-controller-udev
alacritty
amd-ucode
amdgpu_top
amf-amdgpu-pro
amf-headers
android-studio
android-tools
android-udev
apple-fonts
archiso
archlinux-xdg-menu
argc
aria2
arrpc
ashell
audacity
audio-stems-recorder
aviator
awww
base
base-devel
bat
bat-extras
bees
bemenu
bind
bitwig-studio
bizhawk-bin
blanket
blender
bless
bluedevil
blueman
bluetui
bluez
bluez-utils
breeze-gtk
breeze-plymouth
breeze5
brightnessctl
btop
btrfs-progs
bun
bzip3
cabal-install
cachyos-keyring
cachyos-mirrorlist
cachyos-v3-mirrorlist
cachyos-v4-mirrorlist
caligula
cameractrls
cava
chatterino2-bin
chezmoi
choco-fontviewer
clipboard
cliphist
cmake
cmatrix
cmus
comfy-desktop
cpio
cpptrace
croc
cups-pk-helper
darkman
dbeaver
decent-sampler-bin
deltatune-linux
discord
discord-chat-exporter-cli-bin
discover
distrobox
dms-shell-git
docker
docker-compose
dolphin
dolphin-plugins
dos2unix
dragon-drop
drkonqi
dsearch-bin
duf
duperemove
dust
edir
efibootmgr
element-desktop
envision-xr-git
esphome
evtest
execstack
exfatprogs
eza
fastfetch
faugus-launcher
fd
fdupes
feh
feishin
ffmpegthumbs
file-roller
filebot
filelight
firefox
fish
flatpak
flatpak-kcm
fluxer-tui
fuzzel
fwupd
fzf
gallery-dl-git
game-devices-udev
gamemode
gamescope
gcc-ada
gcc-d
gdb
geoclue
ghostty
gimp
git-delta
git-lfs
github-cli
gnome-keyring
go
gogcli
gomuks
gparted
gpu-screen-recorder-notification
gpu-screen-recorder-ui
graphviz
greetd-dms-greeter-git
greetd-regreet
grim
gst-libav
gst-plugin-pipewire
gst-plugins-bad
gst-plugins-good
gst-plugins-ugly
gxmessage
gzdoom-git
handbrake
hddtemp
heimdall
helix
helvum
heroic-games-launcher-bin
hexyl
hip-runtime-amd
hiprt
htop
hydownloader
hydownloader-systray-git
hydrus
hyfetch
i2c-tools
immich-go
inkscape
inotify-tools
inxi
iotop
iwd
j4-dmenu-desktop
jc
just
kate
kde-cli-tools
kde-gtk-config
kdeconnect
kdenetwork-filesharing
kdeplasma-addons
kdf
kdiskmark
kgamma
khal
kid3
kimageformats
kinfocenter
kio-admin
kmenuedit
kmscon
kompare
koreader-bin
krdp
krita
kscreen
ksshaskpass
kwallet-pam
kwin-x11
kwrited
labwc
legendary
lesspipe
lib32-mangohud
libdvdcss
libfmod
libpulse
libreoffice-fresh
librepods-git
lightdm
lightdm-gtk-greeter
lightdm-webkit2-greeter
linux
linux-cachyos-bore
linux-firmware
linux-headers
lmms
lmms-orgmaker-samples
localsend
logseq-desktop-bin
losslesscut-bin
loupe
lshw
lvm2
makepkg-git-lfs-proto
mako
mangohud
mangojuice
matugen
memoize
mkvtoolnix-cli
mpc
mpd
mpd-mpris
mpv
mpv-shim-default-shaders
music-assistant-desktop-git
musikcube
nano
nerd-fonts-sf-mono
netbird
netbird-tui
netstat-nat
nheko
ninja
nix
nohang-git
noto-color-emoji-fontconfig
noto-fonts
noto-fonts-emoji
noto-fonts-extra
nss-mdns
ntfs-3g
ntfysh-bin
ntsc-rs
nushell
nvtop
nwg-look
obs-backgroundremoval
obs-doom-transition-git
obs-plugin-input-overlay-bin
obs-studio-git
obs-transition-table
obs-urlsource
obsidian
odin4-cli
oh-my-posh-bin
olympus
openbitdo-bin
openssh
otf-monaspace-nerdfonts
oxygen
oxygen-cursors
oxygen-icons
oxygen-icons-svg
oxygen-sounds
oxygen5
pandoc-cli
papirus-icon-theme
pavucontrol
peazip
picard
pipe-rename
pipeweaver-app-git
pipeweaver-git
pipewire
pipewire-alsa
pipewire-jack
pipewire-pulse
pipewire-zeroconf
pixieditor-bin
pkgfile
plasma-bigscreen
plasma-browser-integration
plasma-desktop
plasma-disks
plasma-firewall
plasma-keyboard
plasma-login-manager
plasma-nm
plasma-pa
plasma-sdk
plasma-systemmonitor
plasma-thunderbolt
plasma-vault
plasma-welcome
plasma-workspace-wallpapers
plasma5-integration
plasma5support
plymouth
plymouth-kcm
pmbootstrap
pnpm
podman
polkit-gnome
polkit-kde-agent
poptracker
postgresql
posy-improved-cursors
power-profiles-daemon
powerdevil
powerpill-me
print-manager
prismlauncher
prison
prometheus-node-exporter
proton-ge-custom-bin
proton-ge-custom-rtsp-bin
protonplus
protontricks
purpose
pv
pwvucontrol
pycharm-community-edition
pyenv
pyright
pystand
python-asdf
python-curl-cffi
python-pip
python-pipenv
python-pipx
python-pulsectl
python-pypresence
python-pystray
python-pywalfox
python-pywebview
python-uv-build
python313
qbittorrent
qemu-desktop
qpwgraph
qt6ct-kde
quickshell
r2modman-bin
rclone
rclone-mount-service
realtime-privileges
reapack
reaper
regname
remark-lsp-git
rmg
rmpc
rocm-hip-sdk
rofi
rofi-emoji
rofi-rbw
rustdesk
rvgl-arcade-tracks
rvgl-bin
rvgl-dcpack
rvgl-io-cars
rvgl-io-cars-bonus
rvgl-io-clockworks
rvgl-io-clockworks-modern
rvgl-io-loadlevel
rvgl-io-music
rvgl-io-skins
rvgl-io-skins-bonus
rvgl-io-soundtrack
rvgl-io-tracks
rvgl-io-tracks-bonus
rvgl-io-tracks-circuit
rvgl-launcher
ryujinx
s3cmd
scx-scheds
sdcv
sddm-kcm
sgdboop
shadps4
shadps4-qtlauncher-bin
simple-mtpfs
slade
slurp
smartmontools
snapcast
snapper
socat
soundfont-fluid
sox
spectacle
squeezelite
sshfs
steam
streamlink
sunshine
sunsync
swaybg
swayidle
swaylock
sws
syncthing
syncthingctl
systemsettings
task
termdown
termide-bin
texlive-basic
texlive-bibtexextra
texlive-binextra
texlive-context
texlive-fontsextra
texlive-fontsrecommended
texlive-fontutils
texlive-formatsextra
texlive-games
texlive-humanities
texlive-latex
texlive-latexextra
texlive-latexrecommended
texlive-luatex
texlive-mathscience
texlive-metapost
texlive-music
texlive-pictures
texlive-plaingeneric
texlive-pstricks
texlive-publishers
texlive-xetex
thunderbird
tinty-git
topgrade
traceroute
trash-cli
tree
ttf-hanazono
ttf-libertinus
ttf-segoe-ui-variable
udiskie
ultimate-doom-builder-git
umu-launcher
union
unrar
unrealtournament
upscayl-bin
uv
uzdoom
v4l2loopback-dkms
vdirsyncer
vesktop-bin
vial-appimage
vim
virt-install
virt-manager
virt-viewer
visual-studio-code-bin
vivaldi
vivaldi-ffmpeg-codecs
voxtype
vulkan-radeon
wacomtablet
waybar
waydroid
webcord
wev
wget
whisper.cpp
winetricks
wireguard-tools
wireless-regdb
wireless_tools
wiremix
wireplumber
witr-bin
wivrn-full-git
wl-clipboard
wl_shimeji-git
wleave
wlogout
wlrobs
wlsunset
wolfssl
wpa_supplicant
wtype
xapfish
xdg-desktop-portal-gnome
xdg-utils
xf86-video-amdgpu
xf86-video-ati
xone-dkms
xorg-server
xorg-xhost
xorg-xinit
xorg-xwayland
xrizer-git
xsel
xwayland-satellite-git
yabridge
yabridgectl
yay
yazi
ydotool
youtube-tui
yt-dlp
yt-dlp-ejs
zathura
zathura-cb
zathura-pdf-mupdf
zathura-ps
zed
zellij
zen-browser-bin
zerotier-one
zerotier-systemd-manager-bin
zmusic-git
zoxide
zram-generator
zsh
zsh-autocomplete
zsh-completions
zsh-history-substring-search
zsh-syntax-highlighting
zulip-desktop-bin
